******************************************************************************
                  TI ARM Linker Unix v20.2.7                   
******************************************************************************
>> Linked Mon Mar 11 15:30:41 2024

OUTPUT FILE NAME:   <Project6_Tone_Player.out>
ENTRY POINT SYMBOL: "_c_int00_noargs"  address: 000008e5


MEMORY CONFIGURATION

         name            origin    length      used     unused   attr    fill
----------------------  --------  ---------  --------  --------  ----  --------
  FLASH                 00000000   00040000  00000982  0003f67e  R  X
  SRAM                  20000000   00008000  00000220  00007de0  RW X


SEGMENT ALLOCATION MAP

run origin  load origin   length   init length attrs members
----------  ----------- ---------- ----------- ----- -------
00000000    00000000    00000988   00000988    r-x
  00000000    00000000    0000026c   0000026c    r-- .intvecs
  0000026c    0000026c    000006ce   000006ce    r-x .text
  0000093a    0000093a    00000010   00000010    r-- .const
  00000950    00000950    00000038   00000038    r-- .cinit
20000000    20000000    00000220   00000000    rw-
  20000000    20000000    00000200   00000000    rw- .stack
  20000200    20000200    00000020   00000000    rw- .data


SECTION ALLOCATION MAP

 output                                  attributes/
section   page    origin      length       input sections
--------  ----  ----------  ----------   ----------------
.intvecs   0    00000000    0000026c     
                  00000000    0000026c     tm4c123gh6pm_startup_ccs.obj (.intvecs)

.text      0    0000026c    000006ce     
                  0000026c    00000530     main.obj (.text)
                  0000079c    0000009c     rtsv7M4_T_le_v4SPD16_eabi.lib : memcpy_t2.asm.obj (.text)
                  00000838    00000068                                   : copy_decompress_lzss.c.obj (.text:decompress:lzss:__TI_decompress_lzss)
                  000008a0    00000044                                   : autoinit.c.obj (.text:__TI_auto_init_nobinit_nopinit:__TI_auto_init_nobinit_nopinit)
                  000008e4    00000034                                   : boot_cortex_m.c.obj (.text:_c_int00_noargs:_c_int00_noargs)
                  00000918    0000000e                                   : copy_decompress_none.c.obj (.text:decompress:none:__TI_decompress_none)
                  00000926    0000000c     tm4c123gh6pm_startup_ccs.obj (.text)
                  00000932    00000004     rtsv7M4_T_le_v4SPD16_eabi.lib : pre_init.c.obj (.text:_system_pre_init)
                  00000936    00000004                                   : exit.c.obj (.text:abort:abort)

.const     0    0000093a    00000010     
                  0000093a    00000010     main.obj (.const:keypad)

.cinit     0    00000950    00000038     
                  00000950    00000028     (.cinit..data.load) [load image]
                  00000978    00000008     (__TI_handler_table)
                  00000980    00000008     (__TI_cinit_table)

.init_array 
*          0    00000000    00000000     UNINITIALIZED

.data      0    20000200    00000020     UNINITIALIZED
                  20000200    00000020     main.obj (.data:notes)

.stack     0    20000000    00000200     UNINITIALIZED
                  20000000    00000004     rtsv7M4_T_le_v4SPD16_eabi.lib : boot_cortex_m.c.obj (.stack)
                  20000004    000001fc     --HOLE--

__llvm_prf_cnts 
*          0    20000000    00000000     UNINITIALIZED

MODULE SUMMARY

       Module                         code   ro data   rw data
       ------                         ----   -------   -------
    ./
       main.obj                       1328   16        32     
       tm4c123gh6pm_startup_ccs.obj   12     620       0      
    +--+------------------------------+------+---------+---------+
       Total:                         1340   636       32     
                                                              
    /Applications/ti/ccs1250/ccs/tools/compiler/ti-cgt-arm_20.2.7.LTS/lib/rtsv7M4_T_le_v4SPD16_eabi.lib
       memcpy_t2.asm.obj              156    0         0      
       copy_decompress_lzss.c.obj     104    0         0      
       autoinit.c.obj                 68     0         0      
       boot_cortex_m.c.obj            52     0         0      
       copy_decompress_none.c.obj     14     0         0      
       exit.c.obj                     4      0         0      
       pre_init.c.obj                 4      0         0      
    +--+------------------------------+------+---------+---------+
       Total:                         402    0         0      
                                                              
       Stack:                         0      0         512    
       Linker Generated:              0      56        0      
    +--+------------------------------+------+---------+---------+
       Grand Total:                   1742   692       544    


LINKER GENERATED COPY TABLES

__TI_cinit_table @ 00000980 records: 1, size/record: 8, table size: 8
	.data: load addr=00000950, load size=00000028 bytes, run addr=20000200, run size=00000020 bytes, compression=copy


LINKER GENERATED HANDLER TABLE

__TI_handler_table @ 00000978 records: 2, size/record: 4, table size: 8
	index: 0, handler: __TI_decompress_lzss
	index: 1, handler: __TI_decompress_none


GLOBAL SYMBOLS: SORTED ALPHABETICALLY BY Name 

address   name                          
-------   ----                          
00000937  C$$EXIT                       
0000026d  DELAY                         
0000056d  DisableNote                   
0000035f  GPIO_INIT                     
00000455  I2C3_INIT                     
00000475  I2C_read                      
000004cb  I2C_write                     
00000523  NoteSet                       
000003f9  PWMInit                       
00000927  ResetISR                      
20000200  __STACK_END                   
00000200  __STACK_SIZE                  
20000200  __STACK_TOP                   
00000980  __TI_CINIT_Base               
00000988  __TI_CINIT_Limit              
00000978  __TI_Handler_Table_Base       
00000980  __TI_Handler_Table_Limit      
000008a1  __TI_auto_init_nobinit_nopinit
00000839  __TI_decompress_lzss          
00000919  __TI_decompress_none          
ffffffff  __TI_pprof_out_hndl           
ffffffff  __TI_prof_data_size           
ffffffff  __TI_prof_data_start          
00000000  __TI_static_base__            
0000079d  __aeabi_memcpy                
0000079d  __aeabi_memcpy4               
0000079d  __aeabi_memcpy8               
ffffffff  __binit__                     
ffffffff  __c_args__                    
UNDEFED   __mpu_init                    
20000000  __stack                       
20000000  __start___llvm_prf_cnts       
20000000  __stop___llvm_prf_cnts        
000008e5  _c_int00_noargs               
UNDEFED   _system_post_cinit            
00000933  _system_pre_init              
00000937  abort                         
ffffffff  binit                         
00000000  g_pfnVectors                  
0000093a  keypad                        
00000291  keypad_getkey                 
00000639  main                          
0000079d  memcpy                        
20000200  notes                         
0000058f  playSong                      
00000575  quickNote                     


GLOBAL SYMBOLS: SORTED BY Symbol Address 

address   name                          
-------   ----                          
00000000  __TI_static_base__            
00000000  g_pfnVectors                  
00000200  __STACK_SIZE                  
0000026d  DELAY                         
00000291  keypad_getkey                 
0000035f  GPIO_INIT                     
000003f9  PWMInit                       
00000455  I2C3_INIT                     
00000475  I2C_read                      
000004cb  I2C_write                     
00000523  NoteSet                       
0000056d  DisableNote                   
00000575  quickNote                     
0000058f  playSong                      
00000639  main                          
0000079d  __aeabi_memcpy                
0000079d  __aeabi_memcpy4               
0000079d  __aeabi_memcpy8               
0000079d  memcpy                        
00000839  __TI_decompress_lzss          
000008a1  __TI_auto_init_nobinit_nopinit
000008e5  _c_int00_noargs               
00000919  __TI_decompress_none          
00000927  ResetISR                      
00000933  _system_pre_init              
00000937  C$$EXIT                       
00000937  abort                         
0000093a  keypad                        
00000978  __TI_Handler_Table_Base       
00000980  __TI_CINIT_Base               
00000980  __TI_Handler_Table_Limit      
00000988  __TI_CINIT_Limit              
20000000  __stack                       
20000000  __start___llvm_prf_cnts       
20000000  __stop___llvm_prf_cnts        
20000200  __STACK_END                   
20000200  __STACK_TOP                   
20000200  notes                         
ffffffff  __TI_pprof_out_hndl           
ffffffff  __TI_prof_data_size           
ffffffff  __TI_prof_data_start          
ffffffff  __binit__                     
ffffffff  __c_args__                    
ffffffff  binit                         
UNDEFED   __mpu_init                    
UNDEFED   _system_post_cinit            

[46 symbols]
