******************************************************************************
                  TI ARM Linker Unix v20.2.7                   
******************************************************************************
>> Linked Fri Mar  8 13:03:27 2024

OUTPUT FILE NAME:   <Project4.out>
ENTRY POINT SYMBOL: "_c_int00_noargs"  address: 0000074d


MEMORY CONFIGURATION

         name            origin    length      used     unused   attr    fill
----------------------  --------  ---------  --------  --------  ----  --------
  FLASH                 00000000   00040000  00000903  0003f6fd  R  X
  SRAM                  20000000   00008000  00000218  00007de8  RW X


SEGMENT ALLOCATION MAP

run origin  load origin   length   init length attrs members
----------  ----------- ---------- ----------- ----- -------
00000000    00000000    00000904   00000904    r-x
  00000000    00000000    0000026c   0000026c    r-- .intvecs
  0000026c    0000026c    00000572   00000572    r-x .text
  000007de    000007de    00000111   00000111    r-- .const
  000008f0    000008f0    00000014   00000014    r-- .cinit
20000000    20000000    00000218   00000000    rw-
  20000000    20000000    00000200   00000000    rw- .stack
  20000200    20000200    00000018   00000000    rw- .bss


SECTION ALLOCATION MAP

 output                                  attributes/
section   page    origin      length       input sections
--------  ----  ----------  ----------   ----------------
.intvecs   0    00000000    0000026c     
                  00000000    0000026c     tm4c123gh6pm_startup_ccs.obj (.intvecs)

.text      0    0000026c    00000572     
                  0000026c    00000450     main.obj (.text)
                  000006bc    0000004c     rtsv7M4_T_le_v4SPD16_eabi.lib : atoi.c.obj (.text:atoi)
                  00000708    00000044                                   : autoinit.c.obj (.text:__TI_auto_init_nobinit_nopinit:__TI_auto_init_nobinit_nopinit)
                  0000074c    00000034                                   : boot_cortex_m.c.obj (.text:_c_int00_noargs:_c_int00_noargs)
                  00000780    0000002e                                   : strncat.c.obj (.text:strncat)
                  000007ae    0000001c                                   : copy_zero_init.c.obj (.text:decompress:ZI:__TI_zero_init_nomemset:__TI_zero_init_nomemset)
                  000007ca    0000000c     tm4c123gh6pm_startup_ccs.obj (.text)
                  000007d6    00000004     rtsv7M4_T_le_v4SPD16_eabi.lib : pre_init.c.obj (.text:_system_pre_init)
                  000007da    00000004                                   : exit.c.obj (.text:abort:abort)

.const     0    000007de    00000111     
                  000007de    00000101     rtsv7M4_T_le_v4SPD16_eabi.lib : ctype.c.obj (.const:.string:_ctypes_)
                  000008df    00000010     main.obj (.const:keypad)

.cinit     0    000008f0    00000014     
                  000008f0    00000008     (.cinit..bss.load) [load image, compression = zero_init]
                  000008f8    00000004     (__TI_handler_table)
                  000008fc    00000008     (__TI_cinit_table)

.init_array 
*          0    00000000    00000000     UNINITIALIZED

.bss       0    20000200    00000018     UNINITIALIZED
                  20000200    0000000c     (.common:A)
                  2000020c    0000000c     (.common:B)

.stack     0    20000000    00000200     UNINITIALIZED
                  20000000    00000004     rtsv7M4_T_le_v4SPD16_eabi.lib : boot_cortex_m.c.obj (.stack)
                  20000004    000001fc     --HOLE--

__llvm_prf_cnts 
*          0    20000000    00000000     UNINITIALIZED

MODULE SUMMARY

       Module                         code   ro data   rw data
       ------                         ----   -------   -------
    ./
       main.obj                       1104   16        24     
       tm4c123gh6pm_startup_ccs.obj   12     620       0      
    +--+------------------------------+------+---------+---------+
       Total:                         1116   636       24     
                                                              
    /Applications/ti/ccs1250/ccs/tools/compiler/ti-cgt-arm_20.2.7.LTS/lib/rtsv7M4_T_le_v4SPD16_eabi.lib
       ctype.c.obj                    0      257       0      
       atoi.c.obj                     76     0         0      
       autoinit.c.obj                 68     0         0      
       boot_cortex_m.c.obj            52     0         0      
       strncat.c.obj                  46     0         0      
       copy_zero_init.c.obj           28     0         0      
       exit.c.obj                     4      0         0      
       pre_init.c.obj                 4      0         0      
    +--+------------------------------+------+---------+---------+
       Total:                         278    257       0      
                                                              
       Stack:                         0      0         512    
       Linker Generated:              0      20        0      
    +--+------------------------------+------+---------+---------+
       Grand Total:                   1394   913       536    


LINKER GENERATED COPY TABLES

__TI_cinit_table @ 000008fc records: 1, size/record: 8, table size: 8
	.bss: load addr=000008f0, load size=00000008 bytes, run addr=20000200, run size=00000018 bytes, compression=zero_init


LINKER GENERATED HANDLER TABLE

__TI_handler_table @ 000008f8 records: 1, size/record: 4, table size: 4
	index: 0, handler: __TI_zero_init


GLOBAL SYMBOLS: SORTED ALPHABETICALLY BY Name 

address   name                          
-------   ----                          
20000200  A                             
2000020c  B                             
000007db  C$$EXIT                       
00000403  Clear_Line1                   
0000043b  Clear_Line2                   
0000026d  DELAY                         
00000291  GPIO_INIT                     
000003e7  LCD_INIT                      
000007cb  ResetISR                      
0000037b  Set_LCD_Cmd                   
000003b1  Set_LCD_Data                  
00000595  State_A                       
00000605  State_B                       
00000671  State_Display                 
0000053f  State_Init                    
00000551  State_Start                   
20000200  __STACK_END                   
00000200  __STACK_SIZE                  
20000200  __STACK_TOP                   
000008fc  __TI_CINIT_Base               
00000904  __TI_CINIT_Limit              
000008f8  __TI_Handler_Table_Base       
000008fc  __TI_Handler_Table_Limit      
00000709  __TI_auto_init_nobinit_nopinit
ffffffff  __TI_pprof_out_hndl           
ffffffff  __TI_prof_data_size           
ffffffff  __TI_prof_data_start          
00000000  __TI_static_base__            
000007af  __TI_zero_init_nomemset       
ffffffff  __binit__                     
ffffffff  __c_args__                    
UNDEFED   __mpu_init                    
20000000  __stack                       
20000000  __start___llvm_prf_cnts       
20000000  __stop___llvm_prf_cnts        
0000074d  _c_int00_noargs               
000007de  _ctypes_                      
UNDEFED   _system_post_cinit            
000007d7  _system_pre_init              
000007db  abort                         
000006bd  atoi                          
ffffffff  binit                         
00000473  displaynum                    
00000000  g_pfnVectors                  
000008df  keypad                        
000002fd  keypad_getkey                 
000004ef  main                          
00000781  strncat                       


GLOBAL SYMBOLS: SORTED BY Symbol Address 

address   name                          
-------   ----                          
00000000  __TI_static_base__            
00000000  g_pfnVectors                  
00000200  __STACK_SIZE                  
0000026d  DELAY                         
00000291  GPIO_INIT                     
000002fd  keypad_getkey                 
0000037b  Set_LCD_Cmd                   
000003b1  Set_LCD_Data                  
000003e7  LCD_INIT                      
00000403  Clear_Line1                   
0000043b  Clear_Line2                   
00000473  displaynum                    
000004ef  main                          
0000053f  State_Init                    
00000551  State_Start                   
00000595  State_A                       
00000605  State_B                       
00000671  State_Display                 
000006bd  atoi                          
00000709  __TI_auto_init_nobinit_nopinit
0000074d  _c_int00_noargs               
00000781  strncat                       
000007af  __TI_zero_init_nomemset       
000007cb  ResetISR                      
000007d7  _system_pre_init              
000007db  C$$EXIT                       
000007db  abort                         
000007de  _ctypes_                      
000008df  keypad                        
000008f8  __TI_Handler_Table_Base       
000008fc  __TI_CINIT_Base               
000008fc  __TI_Handler_Table_Limit      
00000904  __TI_CINIT_Limit              
20000000  __stack                       
20000000  __start___llvm_prf_cnts       
20000000  __stop___llvm_prf_cnts        
20000200  A                             
20000200  __STACK_END                   
20000200  __STACK_TOP                   
2000020c  B                             
ffffffff  __TI_pprof_out_hndl           
ffffffff  __TI_prof_data_size           
ffffffff  __TI_prof_data_start          
ffffffff  __binit__                     
ffffffff  __c_args__                    
ffffffff  binit                         
UNDEFED   __mpu_init                    
UNDEFED   _system_post_cinit            

[48 symbols]
